<html>
<body>
<pre>
<h1>µVision Build Log</h1>
<h2>Tool Versions:</h2>
IDE-Version: ¦ÌVision V5.22.0.0
Copyright (C) 2016 ARM Ltd and ARM Germany GmbH. All rights reserved.
License Information: Z M, A, LIC=21EY8-3W5T7-MLHCI-TKSH1-DTA5W-1A32G
 
Tool Versions:
Toolchain:       MDK-ARM Plus  Version: 5.22
Toolchain Path:  C:\Keil_v5\ARM\ARMCC\Bin
C Compiler:      Armcc.exe V5.06 update 4 (build 422)
Assembler:       Armasm.exe V5.06 update 4 (build 422)
Linker/Locator:  ArmLink.exe V5.06 update 4 (build 422)
Library Manager: ArmAr.exe V5.06 update 4 (build 422)
Hex Converter:   FromElf.exe V5.06 update 4 (build 422)
CPU DLL:         SARMCM3.DLL V5.22
Dialog DLL:      DCM.DLL V1.13.9.0
Target DLL:      STLink\ST-LINKIII-KEIL_SWO.dll V2.0.18.0
Dialog DLL:      TCM.DLL V1.21.0.0
 
<h2>Project:</h2>
D:\cloud_sync\cube_space\STM32F103_HAL\LCD_FATFS\MDK-ARM\LCD_FATFS.uvprojx
Project File Date:  05/29/2019

<h2>Output:</h2>
*** Using Compiler 'V5.06 update 4 (build 422)', folder: 'C:\Keil_v5\ARM\ARMCC\Bin'
Build target 'stm32f103_lcd_fatfs'
assembling startup_stm32f103xe.s...
compiling stm32f1xx_it.c...
compiling usart.c...
compiling stm32f1xx_hal_tim.c...
compiling system_stm32f1xx.c...
compiling dma.c...
compiling bsp_driver_sd.c...
compiling sdio.c...
compiling stm32f1xx_hal_msp.c...
compiling fatfs.c...
compiling gpio.c...
compiling main.c...
compiling stm32f1xx_hal_cortex.c...
compiling stm32f1xx_hal_gpio_ex.c...
compiling stm32f1xx_hal_flash_ex.c...
compiling stm32f1xx_hal_gpio.c...
compiling stm32f1xx_hal_tim_ex.c...
compiling stm32f1xx_hal_pwr.c...
compiling stm32f1xx_hal_rcc_ex.c...
compiling stm32f1xx_hal_dma.c...
compiling stm32f1xx_hal_uart.c...
compiling stm32f1xx_hal_rcc.c...
compiling stm32f1xx_hal_sd.c...
compiling stm32f1xx_hal.c...
compiling syscall.c...
compiling ff_gen_drv.c...
compiling sd_diskio.c...
compiling diskio.c...
compiling stm32f1xx_hal_flash.c...
compiling stm32f1xx_ll_sdmmc.c...
compiling ff.c...
linking...
Program Size: Code=10488 RO-data=380 RW-data=28 ZI-data=1300  
FromELF: creating hex file...
"stm32f103_lcd_fatfs\LCD_FATFS.axf" - 0 Error(s), 0 Warning(s).

<h2>Software Packages used:</h2>

Package Vendor: ARM
                http://www.keil.com/pack/ARM.CMSIS.5.0.0.pack
                ARM::CMSIS:CORE:5.0.0
                CMSIS (Cortex Microcontroller Software Interface Standard)
   * Component: CORE Version: 5.0.0

<h2>Collection of Component include folders:</h2>
  D:\cloud_sync\cube_space\STM32F103_HAL\LCD_FATFS\MDK-ARM\RTE\_stm32f103_lcd_fatfs
  C:\Keil_v5\ARM\PACK\ARM\CMSIS\5.0.0\CMSIS\Include
  C:\Keil_v5\ARM\PACK\Keil\STM32F1xx_DFP\2.2.0\Device\Include

<h2>Collection of Component Files used:</h2>

   * Component: ARM::CMSIS:CORE:5.0.0
Build Time Elapsed:  00:00:26
</pre>
</body>
</html>
